.venv\Scripts\python 
: Traceback (most 
recent call last):
At line:1 char:1
+ 
.venv\Scripts\python 
test_analyze.py > 
test_output.txt 
2>&1; Get-Cont ...
+ ~~~~~~~~~~~~~~~~~~~
~~~~~~~~~~~~~~~~~~~~~
~~~~~~~~~~~~~~~~~~~
    + CategoryInfo   
           : NotSpe  
  cified: (Traceba   
 ck (most recent     
call last)::Stri    
ng) [], RemoteEx    
ception
    + FullyQualified 
   ErrorId : Native  
  CommandError
 
  File "C:\kriss\proj
zz\hackwithmumbai\one
\test_analyze.py", 
line 68, in test_seis
mic_candidate
    y, sr = librosa.l
oad("japan.wav", 
sr=200, mono=True)
            ~~~~~~~~~
~~~^^^^^^^^^^^^^^^^^^
^^^^^^^^^^^^^^
  File "C:\kriss\proj
zz\hackwithmumbai\one
\.venv\Lib\site-packa
ges\librosa\core\audi
o.py", line 170, in 
load
    if 
isinstance(path, tupl
e(audioread.available
_backends())):
                     
         ~~~~~~~~~~~~
~~~~~~~~~~~~~~~~^^
  File "C:\kriss\proj
zz\hackwithmumbai\one
\.venv\Lib\site-packa
ges\audioread\__init_
_.py", line 79, in 
available_backends
    from . import 
rawread
  File "C:\kriss\proj
zz\hackwithmumbai\one
\.venv\Lib\site-packa
ges\audioread\rawread
.py", line 16, in 
<module>
    import aifc
ModuleNotFoundError: 
No module named 
'aifc'
Traceback (most 
recent call last):
  File "C:\kriss\proj
zz\hackwithmumbai\one
\test_analyze.py", 
line 104, in 
test_spectrogram
    y, sr = librosa.l
oad("japan.wav", 
sr=200)
            ~~~~~~~~~
~~~^^^^^^^^^^^^^^^^^^
^^^
  File "C:\kriss\proj
zz\hackwithmumbai\one
\.venv\Lib\site-packa
ges\librosa\core\audi
o.py", line 170, in 
load
    if 
isinstance(path, tupl
e(audioread.available
_backends())):
                     
         ~~~~~~~~~~~~
~~~~~~~~~~~~~~~~^^
  File "C:\kriss\proj
zz\hackwithmumbai\one
\.venv\Lib\site-packa
ges\audioread\__init_
_.py", line 79, in 
available_backends
    from . import 
rawread
  File "C:\kriss\proj
zz\hackwithmumbai\one
\.venv\Lib\site-packa
ges\audioread\rawread
.py", line 16, in 
<module>
    import aifc
ModuleNotFoundError: 
No module named 
'aifc'
==================================================
ANALYZE ENDPOINT DEBUG TEST
==================================================

Testing imports...
Γ£ô librosa
Γ£ô google.generativeai
Γ£ô tempfile
Γ£ô numpy
Γ£ô scipy

Γ£à All imports successful!

Testing file access...
Γ£ô japan.wav exists (12,546,254 bytes)

Testing Gemini API key...
Γ£ô GEMINI_API_KEY found (starts with: AIzaSyAGvNeWZ73UMljU...)

Testing seismic_candidate function...
Γ¥î Error: No module named 'aifc'

Testing spectrogram generation...
Γ¥î Error: No module named 'aifc'

==================================================
Γ¥î SOME TESTS FAILED
==================================================
